[    1478ms] [WARNING] adgb - not initialized. @ https://cdn.taboola.com/libtrc/nate-desktop/loader.js:30
[    1664ms] [WARNING] You are using deprecated show_ads.js script to display AdSense ads. To improve performance of your ads switch to the modern adsbygoogle.js script. See instructions on https://support.google.com/adsense/answer/9190028. @ https://pagead2.googlesyndication.com/pagead/show_ads.js:48
[    1820ms] [WARNING] https://www.mediacategory.com 리소스 허용된 url이 아닙니다. @ https://news.nate.com/js/cross-origin-message.min.js?v=202601071311:4
[    1820ms] [WARNING] https://www.mediacategory.com 리소스 허용된 url이 아닙니다. @ https://news.nate.com/js/cross-origin-message.min.js?v=202601071311:4
[    2013ms] [WARNING] You are using deprecated show_ads.js script to display AdSense ads. To improve performance of your ads switch to the modern adsbygoogle.js script. See instructions on https://support.google.com/adsense/answer/9190028. @ https://pagead2.googlesyndication.com/pagead/show_ads.js:48
[    2027ms] [ERROR] Failed to load resource: net::ERR_NAME_NOT_RESOLVED @ https://pxl.connexity.net/c/cse?a=R&A=22c&D=569a&V=9&I0k=ptnrid&I0v=a92a1cde-7148-4ae8-8756-0573dc1f49a1-tuct10c25f52:0
[    2049ms] [WARNING] You are using deprecated show_ads.js script to display AdSense ads. To improve performance of your ads switch to the modern adsbygoogle.js script. See instructions on https://support.google.com/adsense/answer/9190028. @ https://pagead2.googlesyndication.com/pagead/show_ads.js:48
[    2050ms] [WARNING] You are using deprecated show_ads.js script to display AdSense ads. To improve performance of your ads switch to the modern adsbygoogle.js script. See instructions on https://support.google.com/adsense/answer/9190028. @ https://pagead2.googlesyndication.com/pagead/show_ads.js:48
[    2143ms] [WARNING] You are using deprecated show_ads.js script to display AdSense ads. To improve performance of your ads switch to the modern adsbygoogle.js script. See instructions on https://support.google.com/adsense/answer/9190028. @ https://pagead2.googlesyndication.com/pagead/show_ads.js:48
[    2207ms] [WARNING] Google Deploy of the SharedId library has been deprecated. Please select another option in the GAM UI. If you use Prebid, we suggest the Prebid.js UserId option. If you do not, you may configure GAM to allow Google to share a first party user identifier with OB and AB participants, which is either the publisherProvidedId or the __gads value when that is missing. @ https://cdn.jsdelivr.net/gh/prebid/shared-id/pubcid.js/docs/pubcid.min.js:0
[    2419ms] [WARNING] https://compass.adop.cc 리소스 허용된 url이 아닙니다. @ https://news.nate.com/js/cross-origin-message.min.js?v=202601071311:4
[    2435ms] [WARNING] [GPT] Using deprecated googletag.encryptedSignalProviders. Please use googletag.secureSignalProviders instead.
https://goo.gle/gpt-message#155 @ https://securepubads.g.doubleclick.net/pagead/managed/js/gpt/m202603240101/pubads_impl.js?cb=31097430:18
[    2475ms] [WARNING] [GPT] Using deprecated googletag.encryptedSignalProviders. Please use googletag.secureSignalProviders instead.
https://goo.gle/gpt-message#155 @ https://securepubads.g.doubleclick.net/pagead/managed/js/gpt/m202603240101/pubads_impl.js?cb=31097430:18
[    2640ms] [WARNING] https://gum.criteo.com 리소스 허용된 url이 아닙니다. @ https://news.nate.com/js/cross-origin-message.min.js?v=202601071311:4
[    2713ms] [WARNING] [GPT] Using deprecated googletag.encryptedSignalProviders. Please use googletag.secureSignalProviders instead.
https://goo.gle/gpt-message#155 @ https://securepubads.g.doubleclick.net/pagead/managed/js/gpt/m202603240101/pubads_impl.js?cb=31097430:18
[    2830ms] [WARNING] https://gum.criteo.com 리소스 허용된 url이 아닙니다. @ https://news.nate.com/js/cross-origin-message.min.js?v=202601071311:4
[    2850ms] [WARNING] https://compass.adop.cc 리소스 허용된 url이 아닙니다. @ https://news.nate.com/js/cross-origin-message.min.js?v=202601071311:4
[    2872ms] [WARNING] https://gum.criteo.com 리소스 허용된 url이 아닙니다. @ https://news.nate.com/js/cross-origin-message.min.js?v=202601071311:4
[    2916ms] [WARNING] https://gum.criteo.com 리소스 허용된 url이 아닙니다. @ https://news.nate.com/js/cross-origin-message.min.js?v=202601071311:4
[    2959ms] [WARNING] https://gum.criteo.com 리소스 허용된 url이 아닙니다. @ https://news.nate.com/js/cross-origin-message.min.js?v=202601071311:4
[    3412ms] [WARNING] You are using deprecated show_ads.js script to display AdSense ads. To improve performance of your ads switch to the modern adsbygoogle.js script. See instructions on https://support.google.com/adsense/answer/9190028. @ https://pagead2.googlesyndication.com/pagead/show_ads.js:48
[    3665ms] [WARNING] https://compass.adop.cc 리소스 허용된 url이 아닙니다. @ https://news.nate.com/js/cross-origin-message.min.js?v=202601071311:4
[    3666ms] [WARNING] https://compass.adop.cc 리소스 허용된 url이 아닙니다. @ https://news.nate.com/js/cross-origin-message.min.js?v=202601071311:4
